Microchip MPLAB XC8 Compiler V2.40

Linker command line:

-W-3 \
  --edf=C:\Program Files\Microchip\xc8\v2.40\pic\dat\20220703182018_en.msgs \
  -cn -h+dist/default/production\LAB3_3_Master.X.production.sym \
  --cmf=dist/default/production\LAB3_3_Master.X.production.cmf -z -Q16F887 \
  -oC:\Users\jmuni\AppData\Local\Temp\xcAssbg.4 --defsym=__MPLAB_BUILD=1 \
  --fixupoverflow=error \
  -Mdist/default/production/LAB3_3_Master.X.production.map \
  --md=C:\Users\jmuni\AppData\Local\Temp\xcAssbg.dat -E1 -ver=XC8 Compiler \
  --acfsm=1493 -ACODE=00h-07FFhx4 -ASTRCODE=00h-01FFFh -ASTRING=00h-0FFhx32 \
  -ACONST=00h-0FFhx32 -AENTRY=00h-0FFhx32 -ACOMMON=070h-07Fh \
  -ABANK0=020h-06Fh -ABANK1=0A0h-0EFh -ABANK2=0110h-016Fh \
  -ABANK3=0190h-01EFh -ARAM=020h-06Fh,0A0h-0EFh,0110h-016Fh,0190h-01EFh \
  -AABS1=020h-07Fh,0A0h-0EFh,0110h-016Fh,0190h-01EFh -ASFR0=00h-01Fh \
  -ASFR1=080h-09Fh -ASFR2=0100h-010Fh -ASFR3=0180h-018Fh \
  -ACONFIG=02007h-02008h -DCONFIG=2 -AIDLOC=02000h-02003h -DIDLOC=2 \
  -AEEDATA=00h-0FFh/02100h -peeprom_data=EEDATA -DEEDATA=2 -DCODE=2 \
  -DSTRCODE=2 -DSTRING=2 -DCONST=2 -DENTRY=2 \
  -preset_vec=00h,intentry,init,end_init -ppowerup=CODE -pcinit=CODE \
  -pfunctab=ENTRY -k C:\Users\jmuni\AppData\Local\Temp\xcAssbg.o \
  dist/default/production\LAB3_3_Master.X.production.o 

Object code version is 3.11

Machine type is 16F887



                Name                               Link     Load   Length Selector   Space Scale
C:\Users\jmuni\AppData\Local\Temp\xcAssbg.o
                end_init                              0        0        3        0       0
                config                             2007     2007        2        0       4
                idloc                              2000     2000        4        0       5
dist/default/production\LAB3_3_Master.X.production.o
                cinit                               7EB      7EB       15      FD6       0
                config                             2007     2007        2        0       4
                idloc                              2000     2000        4        0       5
                text15                              3C9      3C9       22      792       0
                text14                              3AF      3AF       1A      75E       0
                text13                              38C      38C        D      718       0
                text12                              55D      55D       5D      ABA       0
                text11                              462      462       46      8C4       0
                text10                              3EB      3EB       35      7D6       0
                text9                               420      420       42      840       0
                text8                               399      399       16      732       0
                text7                               501      501       5C      A02       0
                text6                               37C      37C        7      6F8       0
                text5                               383      383        9      706       0
                text4                               376      376        6      6EC       0
                text3                               5BA      5BA       67      B74       0
                text2                               4A8      4A8       59      950       0
                text1                               621      621       87      C42       0
                maintext                            6A8      6A8      143      D50       0
                cstackBANK0                          2E       2E        9       20       1
                cstackCOMMON                         70       70        D       70       1
                bssBANK0                             20       20        E       20       1
                bssCOMMON                            7D       7D        1       70       1
                strings                               3        3       20        6       0

TOTAL           Name                               Link     Load   Length     Space
        CLASS   CODE           
                end_init                              0        0        3         0
                cinit                               7EB      7EB       15         0
                text15                              3C9      3C9       22         0
                text14                              3AF      3AF       1A         0
                text13                              38C      38C        D         0
                text12                              55D      55D       5D         0
                text11                              462      462       46         0
                text10                              3EB      3EB       35         0
                text9                               420      420       42         0
                text8                               399      399       16         0
                text7                               501      501       5C         0
                text6                               37C      37C        7         0
                text5                               383      383        9         0
                text4                               376      376        6         0
                text3                               5BA      5BA       67         0
                text2                               4A8      4A8       59         0
                text1                               621      621       87         0
                maintext                            6A8      6A8      143         0

        CLASS   STRCODE        

        CLASS   STRING         
                strings                               3        3       20         0

        CLASS   CONST          

        CLASS   ENTRY          

        CLASS   COMMON         
                cstackCOMMON                         70       70        D         1
                bssCOMMON                            7D       7D        1         1

        CLASS   BANK0          
                cstackBANK0                          2E       2E        9         1
                bssBANK0                             20       20        E         1

        CLASS   BANK1          

        CLASS   BANK2          

        CLASS   BANK3          

        CLASS   RAM            

        CLASS   ABS1           
                abs_s1                               7E       7E        2         1

        CLASS   SFR0           

        CLASS   SFR1           

        CLASS   SFR2           

        CLASS   SFR3           

        CLASS   CONFIG         
                config                             2007     2007        2         4

        CLASS   IDLOC          
                idloc                              2000     2000        4         5

        CLASS   EEDATA         

        CLASS   STACK          



SEGMENTS        Name                           Load    Length   Top    Selector   Space  Class     Delta

                reset_vec                      000000  000003  000003         0       0  CODE        2
                strings                        000003  000020  000023         6       0  STRING      2
                bssBANK0                       000020  000017  000037        20       1  BANK0       1
                cstackCOMMON                   000070  00000E  00007E        70       1  COMMON      1
                text4                          000376  000006  00037C       6EC       0  CODE        2
                text6                          00037C  000007  000383       6F8       0  CODE        2
                text5                          000383  000009  00038C       706       0  CODE        2
                text13                         00038C  00000D  000399       718       0  CODE        2
                text8                          000399  000016  0003AF       732       0  CODE        2
                text14                         0003AF  00001A  0003C9       75E       0  CODE        2
                text15                         0003C9  000022  0003EB       792       0  CODE        2
                text10                         0003EB  000035  000420       7D6       0  CODE        2
                text9                          000420  000042  000462       840       0  CODE        2
                text11                         000462  000046  0004A8       8C4       0  CODE        2
                text2                          0004A8  000059  000501       950       0  CODE        2
                text7                          000501  00005C  00055D       A02       0  CODE        2
                text12                         00055D  00005D  0005BA       ABA       0  CODE        2
                text3                          0005BA  000067  000621       B74       0  CODE        2
                text1                          000621  000087  0006A8       C42       0  CODE        2
                maintext                       0006A8  000143  0007EB       D50       0  CODE        2
                cinit                          0007EB  000015  000800       FD6       0  CODE        2


UNUSED ADDRESS RANGES

        Name                Unused          Largest block    Delta
        BANK0            0037-006F             39           1
        BANK1            00A0-00EF             50           1
        BANK2            0110-016F             60           1
        BANK3            0190-01EF             60           1
        CODE             0023-0375            353           2
                         0800-1FFF            800
        CONST            0023-0375            100           2
                         0800-1FFF            100
        EEDATA           2100-21FF            100           2
        ENTRY            0023-0375            100           2
                         0800-1FFF            100
        RAM              0037-006F             39           1
                         00A0-00EF             50
                         0110-016F             60
                         0190-01EF             60
        SFR0             0000-001F             20           1
        SFR1             0080-009F             20           1
        SFR2             0100-010F             10           1
        SFR3             0180-018F             10           1
        STRCODE          0023-0375            353           2
                         0800-1FFF           1800
        STRING           0023-0375            100           2
                         0800-1FFF            100

                                  Symbol Table

?___awdiv                 cstackCOMMON 0070
?___awmod                 cstackCOMMON 0070
Lcd_Cmd@a                 cstackCOMMON 0073
Lcd_Port@a                cstackCOMMON 0070
Lcd_Set_Cursor@a          cstackCOMMON 0076
Lcd_Set_Cursor@b          cstackCOMMON 0074
Lcd_Set_Cursor@temp       cstackCOMMON 0079
Lcd_Set_Cursor@y          cstackCOMMON 0078
Lcd_Set_Cursor@z          cstackCOMMON 0077
Lcd_Write_Char@a          cstackCOMMON 0074
Lcd_Write_Char@temp       cstackCOMMON 0072
Lcd_Write_Char@y          cstackCOMMON 0073
Lcd_Write_String@a        cstackCOMMON 0075
Lcd_Write_String@i        cstackCOMMON 007A
_ANSEL                    (abs)        0188
_ANSELH                   (abs)        0189
_Lcd_Clear                text13       038C
_Lcd_Cmd                  text14       03AF
_Lcd_Init                 text12       055D
_Lcd_Port                 text15       03C9
_Lcd_Set_Cursor           text11       0462
_Lcd_Write_Char           text10       03EB
_Lcd_Write_String         text9        0420
_OSCCONbits               (abs)        008F
_PORTB                    (abs)        0006
_PORTCbits                (abs)        0007
_PORTD                    (abs)        0008
_PORTDbits                (abs)        0008
_RD3                      (abs)        0043
_RD4                      (abs)        0044
_RD5                      (abs)        0045
_RD6                      (abs)        0046
_RD7                      (abs)        0047
_SSPBUF                   (abs)        0013
_SSPCON                   (abs)        0014
_SSPSTAT                  (abs)        0094
_SSPSTATbits              (abs)        0094
_TRISB                    (abs)        0086
_TRISC1                   (abs)        0439
_TRISC2                   (abs)        043A
_TRISC3                   (abs)        043B
_TRISC5                   (abs)        043D
_TRISD                    (abs)        0088
__Habs1                   abs1         0000
__Hbank0                  bank0        0000
__Hbank1                  bank1        0000
__Hbank2                  bank2        0000
__Hbank3                  bank3        0000
__HbssBANK0               bssBANK0     0000
__HbssCOMMON              bssCOMMON    0000
__Hcinit                  cinit        0800
__Hclrtext                clrtext      0000
__Hcode                   code         0000
__Hcommon                 common       0000
__Hconfig                 config       2009
__HcstackBANK0            cstackBANK0  0000
__HcstackCOMMON           cstackCOMMON 0000
__Heeprom_data            eeprom_data  0000
__Hend_init               end_init     0003
__Hfunctab                functab      0000
__Hidloc                  idloc        2004
__Hinit                   init         0000
__Hintentry               intentry     0000
__Hmaintext               maintext     0000
__Hpowerup                powerup      0000
__Hram                    ram          0000
__Hreset_vec              reset_vec    0000
__Hsfr0                   sfr0         0000
__Hsfr1                   sfr1         0000
__Hsfr2                   sfr2         0000
__Hsfr3                   sfr3         0000
__Hspace_0                (abs)        0800
__Hspace_1                (abs)        007E
__Hspace_2                (abs)        0000
__Hspace_3                (abs)        0000
__Hspace_4                (abs)        4010
__Hstack                  stack        0000
__Hstrings                strings      0000
__Htext                   text         0000
__Labs1                   abs1         0000
__Lbank0                  bank0        0000
__Lbank1                  bank1        0000
__Lbank2                  bank2        0000
__Lbank3                  bank3        0000
__LbssBANK0               bssBANK0     0000
__LbssCOMMON              bssCOMMON    0000
__Lcinit                  cinit        07EB
__Lclrtext                clrtext      0000
__Lcode                   code         0000
__Lcommon                 common       0000
__Lconfig                 config       0000
__LcstackBANK0            cstackBANK0  0000
__LcstackCOMMON           cstackCOMMON 0000
__Leeprom_data            eeprom_data  0000
__Lend_init               end_init     0000
__Lfunctab                functab      0000
__Lidloc                  idloc        0000
__Linit                   init         0000
__Lintentry               intentry     0000
__Lmaintext               maintext     0000
__Lpowerup                powerup      0000
__Lram                    ram          0000
__Lreset_vec              reset_vec    0000
__Lsfr0                   sfr0         0000
__Lsfr1                   sfr1         0000
__Lsfr2                   sfr2         0000
__Lsfr3                   sfr3         0000
__Lspace_0                (abs)        0000
__Lspace_1                (abs)        0000
__Lspace_2                (abs)        0000
__Lspace_3                (abs)        0000
__Lspace_4                (abs)        0000
__Lstack                  stack        0000
__Lstrings                strings      0000
__Ltext                   text         0000
__S0                      (abs)        0800
__S1                      (abs)        007E
__S3                      (abs)        0000
___awdiv                  text3        05BA
___awdiv@counter          cstackCOMMON 0075
___awdiv@dividend         cstackCOMMON 0072
___awdiv@divisor          cstackCOMMON 0070
___awdiv@quotient         cstackCOMMON 0077
___awdiv@sign             cstackCOMMON 0076
___awmod                  text2        04A8
___awmod@counter          cstackCOMMON 0075
___awmod@dividend         cstackCOMMON 0072
___awmod@divisor          cstackCOMMON 0070
___awmod@sign             cstackCOMMON 0076
___int_sp                 stack        0000
___latbits                (abs)        0002
___sp                     stack        0000
___stackhi                (abs)        0000
___stacklo                (abs)        0000
__end_of_Lcd_Clear        text13       0399
__end_of_Lcd_Cmd          text14       03C9
__end_of_Lcd_Init         text12       05BA
__end_of_Lcd_Port         text15       03EB
__end_of_Lcd_Set_Cursor   text11       04A8
__end_of_Lcd_Write_Char   text10       0420
__end_of_Lcd_Write_String text9        0462
__end_of___awdiv          text3        0621
__end_of___awmod          text2        0501
__end_of__initialization  cinit        07FC
__end_of__stringtab       strings      0013
__end_of_main             maintext     07EB
__end_of_setup            text7        055D
__end_of_spiInit          text8        03AF
__end_of_spiRead          text5        038C
__end_of_spiReceiveWait   text6        0383
__end_of_spiWrite         text4        037C
__end_of_uint8ToString    text1        06A8
__initialization          cinit        07EB
__pbssBANK0               bssBANK0     0020
__pbssCOMMON              bssCOMMON    007D
__pcstackBANK0            cstackBANK0  002E
__pcstackCOMMON           cstackCOMMON 0070
__pmaintext               maintext     06A8
__pstrings                strings      0003
__ptext1                  text1        0621
__ptext10                 text10       03EB
__ptext11                 text11       0462
__ptext12                 text12       055D
__ptext13                 text13       038C
__ptext14                 text14       03AF
__ptext15                 text15       03C9
__ptext2                  text2        04A8
__ptext3                  text3        05BA
__ptext4                  text4        0376
__ptext5                  text5        0383
__ptext6                  text6        037C
__ptext7                  text7        0501
__ptext8                  text8        0399
__ptext9                  text9        0420
__stringbase              strings      0012
__stringtab               strings      0003
_buffer                   bssBANK0     002A
_buffer2                  bssBANK0     0026
_buffer3                  bssBANK0     0022
_main                     maintext     06A8
_setup                    text7        0501
_slave1                   bssCOMMON    007D
_slave1_cont              bssBANK0     0021
_slave2                   bssBANK0     0020
_spiInit                  text8        0399
_spiRead                  text5        0383
_spiReceiveWait           text6        037C
_spiWrite                 text4        0376
_uint8ToString            text1        0621
btemp                     (abs)        007E
end_of_initialization     cinit        07FC
intlevel0                 functab      0000
intlevel1                 functab      0000
intlevel2                 functab      0000
intlevel3                 functab      0000
intlevel4                 functab      0000
intlevel5                 functab      0000
reset_vec                 reset_vec    0000
spiInit@sClockIdle        cstackCOMMON 0071
spiInit@sDataSample       cstackCOMMON 0070
spiInit@sTransmitEdge     cstackCOMMON 0072
spiInit@sType             cstackCOMMON 0073
spiWrite@dat              cstackCOMMON 0070
start                     init         0000
start_initialization      cinit        07EB
uint8ToString@i           cstackBANK0  0030
uint8ToString@left        cstackBANK0  0031
uint8ToString@num         cstackBANK0  002E
uint8ToString@right       cstackBANK0  0032
uint8ToString@str         cstackCOMMON 0079
uint8ToString@temp        cstackBANK0  0033
uint8ToString@tempChar    cstackBANK0  002F
wtemp0                    (abs)        007E


MODULE INFORMATION

Module		Function		Class		Link	Load	Size
C:\Program Files\Microchip\xc8\v2.40\pic\sources\c90\common\awdiv.c
		___awdiv       		CODE           	05BA	0000	103

C:\Program Files\Microchip\xc8\v2.40\pic\sources\c90\common\awdiv.c estimated size: 103

../Lab3.X/SPI.c
		_spiWrite      		CODE           	0376	0000	6
		_spiInit       		CODE           	0399	0000	22
		_spiReceiveWait		CODE           	037C	0000	7
		_spiRead       		CODE           	0383	0000	9

../Lab3.X/SPI.c estimated size: 44

shared
		__stringtab    		STRING         	0003	0000	16
		__initialization		CODE           	07EB	0000	17

shared estimated size: 33

C:\Program Files\Microchip\xc8\v2.40\pic\sources\c90\common\awmod.c
		___awmod       		CODE           	04A8	0000	89

C:\Program Files\Microchip\xc8\v2.40\pic\sources\c90\common\awmod.c estimated size: 89

Lab3_MAster.c
		_main          		CODE           	06A8	0000	323
		_uint8ToString 		CODE           	0621	0000	135
		_setup         		CODE           	0501	0000	92

Lab3_MAster.c estimated size: 550

LCD.c
		_Lcd_Write_String		CODE           	0420	0000	66
		_Lcd_Init      		CODE           	055D	0000	93
		_Lcd_Write_Char		CODE           	03EB	0000	53
		_Lcd_Cmd       		CODE           	03AF	0000	26
		_Lcd_Set_Cursor		CODE           	0462	0000	70
		_Lcd_Clear     		CODE           	038C	0000	13
		_Lcd_Port      		CODE           	03C9	0000	34

LCD.c estimated size: 355

