Microchip MPLAB XC8 Compiler V2.40

Linker command line:

-W-3 \
  --edf=C:\Program Files\Microchip\xc8\v2.40\pic\dat\20220703182018_en.msgs \
  -cn -h+dist/default/production\Lab3_3_Slave_1.X.production.sym \
  --cmf=dist/default/production\Lab3_3_Slave_1.X.production.cmf -z -Q16F887 \
  -oC:\Users\jmuni\AppData\Local\Temp\xcAsbd4.4 --defsym=__MPLAB_BUILD=1 \
  --fixupoverflow=error \
  -Mdist/default/production/Lab3_3_Slave_1.X.production.map \
  --md=C:\Users\jmuni\AppData\Local\Temp\xcAsbd4.dat -E1 -ver=XC8 Compiler \
  --acfsm=1493 -ACODE=00h-07FFhx4 -ASTRCODE=00h-01FFFh -ASTRING=00h-0FFhx32 \
  -ACONST=00h-0FFhx32 -AENTRY=00h-0FFhx32 -ACOMMON=070h-07Fh \
  -ABANK0=020h-06Fh -ABANK1=0A0h-0EFh -ABANK2=0110h-016Fh \
  -ABANK3=0190h-01EFh -ARAM=020h-06Fh,0A0h-0EFh,0110h-016Fh,0190h-01EFh \
  -AABS1=020h-07Fh,0A0h-0EFh,0110h-016Fh,0190h-01EFh -ASFR0=00h-01Fh \
  -ASFR1=080h-09Fh -ASFR2=0100h-010Fh -ASFR3=0180h-018Fh \
  -ACONFIG=02007h-02008h -DCONFIG=2 -AIDLOC=02000h-02003h -DIDLOC=2 \
  -AEEDATA=00h-0FFh/02100h -peeprom_data=EEDATA -DEEDATA=2 -DCODE=2 \
  -DSTRCODE=2 -DSTRING=2 -DCONST=2 -DENTRY=2 \
  -preset_vec=00h,intentry=04h,init,end_init -ppowerup=CODE -pcinit=CODE \
  -pfunctab=ENTRY -k C:\Users\jmuni\AppData\Local\Temp\xcAsbd4.o \
  dist/default/production\Lab3_3_Slave_1.X.production.o 

Object code version is 3.11

Machine type is 16F887



                Name                               Link     Load   Length Selector   Space Scale
C:\Users\jmuni\AppData\Local\Temp\xcAsbd4.o
                end_init                              C        C        3        8       0
                reset_vec                             0        0        3        0       0
                config                             2007     2007        2        0       4
                idloc                              2000     2000        4        0       5
dist/default/production\Lab3_3_Slave_1.X.production.o
                cinit                                 F        F       23        8       0
                intentry                              4        4        8        8       0
                config                             2007     2007        2        0       4
                idloc                              2000     2000        4        0       5
                text11                              191      191        D        8       0
                text10                              19E      19E        A        8       0
                text9                               1B1      1B1        7        8       0
                text8                               1A8      1A8        9        8       0
                text7                               1B8      1B8        6        8       0
                text6                                32       32       62        8       0
                text5                                94       94       3D        8       0
                text4                               130      130       27        8       0
                text3                               175      175       1C        8       0
                text2                               157      157       1E        8       0
                text1                                D1       D1       32        8       0
                maintext                            103      103       2D        8       0
                cstackBANK0                          20       20        9       20       1
                cstackCOMMON                         70       70        8       70       1
                dataBANK0                            29       29        4       20       1
                bssBANK0                             2D       2D        2       20       1
                bssCOMMON                            78       78        5       70       1
                idataBANK0                          1BE      1BE        4        8       0

TOTAL           Name                               Link     Load   Length     Space
        CLASS   CODE           
                end_init                              C        C        3         0
                cinit                                 F        F       23         0
                intentry                              4        4        8         0
                reset_vec                             0        0        3         0
                text11                              191      191        D         0
                text10                              19E      19E        A         0
                text9                               1B1      1B1        7         0
                text8                               1A8      1A8        9         0
                text7                               1B8      1B8        6         0
                text6                                32       32       62         0
                text5                                94       94       3D         0
                text4                               130      130       27         0
                text3                               175      175       1C         0
                text2                               157      157       1E         0
                text1                                D1       D1       32         0
                maintext                            103      103       2D         0
                idataBANK0                          1BE      1BE        4         0

        CLASS   STRCODE        

        CLASS   STRING         

        CLASS   CONST          

        CLASS   ENTRY          

        CLASS   COMMON         
                cstackCOMMON                         70       70        8         1
                bssCOMMON                            78       78        5         1

        CLASS   BANK0          
                cstackBANK0                          20       20        9         1
                dataBANK0                            29       29        4         1
                bssBANK0                             2D       2D        2         1

        CLASS   BANK1          

        CLASS   BANK2          

        CLASS   BANK3          

        CLASS   RAM            

        CLASS   ABS1           
                abs_s1                               7E       7E        2         1

        CLASS   SFR0           

        CLASS   SFR1           

        CLASS   SFR2           

        CLASS   SFR3           

        CLASS   CONFIG         
                config                             2007     2007        2         4

        CLASS   IDLOC          
                idloc                              2000     2000        4         5

        CLASS   EEDATA         

        CLASS   STACK          



SEGMENTS        Name                           Load    Length   Top    Selector   Space  Class     Delta

                reset_vec                      000000  000003  000003         0       0  CODE        2
                intentry                       000004  0001BE  0001C2         8       0  CODE        2
                cstackBANK0                    000020  00000F  00002F        20       1  BANK0       1
                cstackCOMMON                   000070  00000D  00007D        70       1  COMMON      1


UNUSED ADDRESS RANGES

        Name                Unused          Largest block    Delta
        BANK0            002F-006F             41           1
        BANK1            00A0-00EF             50           1
        BANK2            0110-016F             60           1
        BANK3            0190-01EF             60           1
        CODE             0003-0003              1           2
                         01C2-1FFF            800
        COMMON           007D-007D              1           1
        CONST            0003-0003              1           2
                         01C2-1FFF            100
        EEDATA           2100-21FF            100           2
        ENTRY            0003-0003              1           2
                         01C2-1FFF            100
        RAM              002F-006F             41           1
                         00A0-00EF             50
                         0110-016F             60
                         0190-01EF             60
        SFR0             0000-001F             20           1
        SFR1             0080-009F             20           1
        SFR2             0100-010F             10           1
        SFR3             0180-018F             10           1
        STRCODE          0003-0003              1           2
                         01C2-1FFF           1E3E
        STRING           0003-0003              1           2
                         01C2-1FFF            100

                                  Symbol Table

?_adc_get_channel               cstackCOMMON 0070
?_adc_read                      cstackCOMMON 0070
_ADCON0bits                     (abs)        001F
_ADCON1bits                     (abs)        009F
_ADRESH                         (abs)        001E
_ANSEL                          (abs)        0188
_ANSELH                         (abs)        0189
_INTCONbits                     (abs)        000B
_IOCB                           (abs)        0096
_OPTION_REGbits                 (abs)        0081
_OSCCONbits                     (abs)        008F
_PIE1bits                       (abs)        008C
_PIR1bits                       (abs)        000C
_PORTB                          (abs)        0006
_PORTBbits                      (abs)        0006
_PORTD                          (abs)        0008
_SSPBUF                         (abs)        0013
_SSPCON                         (abs)        0014
_SSPIF                          (abs)        0063
_SSPSTAT                        (abs)        0094
_SSPSTATbits                    (abs)        0094
_TRISAbits                      (abs)        0085
_TRISB                          (abs)        0086
_TRISC3                         (abs)        043B
_TRISC5                         (abs)        043D
_TRISD                          (abs)        0088
_WPUB                           (abs)        0095
__Habs1                         abs1         0000
__Hbank0                        bank0        0000
__Hbank1                        bank1        0000
__Hbank2                        bank2        0000
__Hbank3                        bank3        0000
__HbssBANK0                     bssBANK0     0000
__HbssCOMMON                    bssCOMMON    0000
__Hcinit                        cinit        0032
__Hclrtext                      clrtext      0000
__Hcode                         code         0000
__Hcommon                       common       0000
__Hconfig                       config       2009
__HcstackBANK0                  cstackBANK0  0000
__HcstackCOMMON                 cstackCOMMON 0000
__HdataBANK0                    dataBANK0    0000
__Heeprom_data                  eeprom_data  0000
__Hend_init                     end_init     000F
__Hfunctab                      functab      0000
__HidataBANK0                   idataBANK0   0000
__Hidloc                        idloc        2004
__Hinit                         init         000C
__Hintentry                     intentry     000C
__Hmaintext                     maintext     0000
__Hpowerup                      powerup      0000
__Hram                          ram          0000
__Hreset_vec                    reset_vec    0003
__Hsfr0                         sfr0         0000
__Hsfr1                         sfr1         0000
__Hsfr2                         sfr2         0000
__Hsfr3                         sfr3         0000
__Hspace_0                      (abs)        01C2
__Hspace_1                      (abs)        007D
__Hspace_2                      (abs)        0000
__Hspace_3                      (abs)        0000
__Hspace_4                      (abs)        4010
__Hstack                        stack        0000
__Hstrings                      strings      0000
__Htext                         text         0000
__Labs1                         abs1         0000
__Lbank0                        bank0        0000
__Lbank1                        bank1        0000
__Lbank2                        bank2        0000
__Lbank3                        bank3        0000
__LbssBANK0                     bssBANK0     0000
__LbssCOMMON                    bssCOMMON    0000
__Lcinit                        cinit        000F
__Lclrtext                      clrtext      0000
__Lcode                         code         0000
__Lcommon                       common       0000
__Lconfig                       config       0000
__LcstackBANK0                  cstackBANK0  0000
__LcstackCOMMON                 cstackCOMMON 0000
__LdataBANK0                    dataBANK0    0000
__Leeprom_data                  eeprom_data  0000
__Lend_init                     end_init     000C
__Lfunctab                      functab      0000
__LidataBANK0                   idataBANK0   0000
__Lidloc                        idloc        0000
__Linit                         init         000C
__Lintentry                     intentry     0004
__Lmaintext                     maintext     0000
__Lpowerup                      powerup      0000
__Lram                          ram          0000
__Lreset_vec                    reset_vec    0000
__Lsfr0                         sfr0         0000
__Lsfr1                         sfr1         0000
__Lsfr2                         sfr2         0000
__Lsfr3                         sfr3         0000
__Lspace_0                      (abs)        0000
__Lspace_1                      (abs)        0000
__Lspace_2                      (abs)        0000
__Lspace_3                      (abs)        0000
__Lspace_4                      (abs)        0000
__Lstack                        stack        0000
__Lstrings                      strings      0000
__Ltext                         text         0000
__S0                            (abs)        01C2
__S1                            (abs)        007D
__S3                            (abs)        0000
___int_sp                       stack        0000
___latbits                      (abs)        0002
___sp                           stack        0000
___stackhi                      (abs)        0000
___stacklo                      (abs)        0000
__end_of__initialization        cinit        002E
__end_of_adc_change_channel     text5        00D1
__end_of_adc_get_channel        text11       019E
__end_of_adc_init               text4        0157
__end_of_adc_read               text10       01A8
__end_of_ioc_init               text3        0191
__end_of_isr                    text6        0094
__end_of_main                   maintext     0130
__end_of_setup                  text1        0103
__end_of_spiInit                text2        0175
__end_of_spiRead                text8        01B1
__end_of_spiReceiveWait         text9        01B8
__end_of_spiWrite               text7        01BE
__initialization                cinit        000F
__pbssBANK0                     bssBANK0     002D
__pbssCOMMON                    bssCOMMON    0078
__pcstackBANK0                  cstackBANK0  0020
__pcstackCOMMON                 cstackCOMMON 0070
__pdataBANK0                    dataBANK0    0029
__pidataBANK0                   idataBANK0   01BE
__pintentry                     intentry     0004
__pmaintext                     maintext     0103
__ptext1                        text1        00D1
__ptext10                       text10       019E
__ptext11                       text11       0191
__ptext2                        text2        0157
__ptext3                        text3        0175
__ptext4                        text4        0130
__ptext5                        text5        0094
__ptext6                        text6        0032
__ptext7                        text7        01B8
__ptext8                        text8        01A8
__ptext9                        text9        01B1
_adc_change_channel             text5        0094
_adc_get_channel                text11       0191
_adc_init                       text4        0130
_adc_read                       text10       019E
_channels                       dataBANK0    0029
_cont                           bssCOMMON    0079
_ioc_init                       text3        0175
_isr                            text6        0032
_main                           maintext     0103
_menu                           bssCOMMON    0078
_numero                         bssCOMMON    007B
_numero2                        bssCOMMON    007A
_setup                          text1        00D1
_spiInit                        text2        0157
_spiRead                        text8        01A8
_spiReceiveWait                 text9        01B1
_spiWrite                       text7        01B8
adc_change_channel@channel      cstackBANK0  0025
adc_change_channel@length       cstackBANK0  0020
adc_change_channel@temp_channel bssBANK0     002D
adc_init@channel                cstackBANK0  0020
btemp                           (abs)        007E
end_of_initialization           cinit        002E
interrupt_function              intentry     0004
intlevel0                       functab      0000
intlevel1                       functab      0000
intlevel2                       functab      0000
intlevel3                       functab      0000
intlevel4                       functab      0000
intlevel5                       functab      0000
ioc_init@pin                    cstackBANK0  0020
reset_vec                       reset_vec    0000
saved_w                         (abs)        007E
spiInit@sClockIdle              cstackBANK0  0021
spiInit@sDataSample             cstackBANK0  0020
spiInit@sTransmitEdge           cstackBANK0  0022
spiInit@sType                   cstackBANK0  0023
spiWrite@dat                    cstackCOMMON 0070
start                           init         000C
start_initialization            cinit        000F
wtemp0                          (abs)        007E


MODULE INFORMATION

Module		Function		Class		Link	Load	Size
IOCB.c
		_ioc_init      		CODE           	0175	0000	28

IOCB.c estimated size: 28

../Lab3.X/SPI.c
		_spiWrite      		CODE           	01B8	0000	6
		_spiInit       		CODE           	0157	0000	30
		_spiReceiveWait		CODE           	01B1	0000	7
		_spiRead       		CODE           	01A8	0000	9

../Lab3.X/SPI.c estimated size: 52

Lab3_Slave.c
		_main          		CODE           	0103	0000	45
		_isr           		CODE           	0032	0000	98
		_setup         		CODE           	00D1	0000	50

Lab3_Slave.c estimated size: 193

shared
		__initialization		CODE           	000F	0000	31

shared estimated size: 31

ADC.c
		_adc_get_channel		CODE           	0191	0000	13
		_adc_read      		CODE           	019E	0000	10
		_adc_change_channel		CODE           	0094	0000	61
		_adc_init      		CODE           	0130	0000	39

ADC.c estimated size: 123

